KW_LET
VARIABLE
EQUALS
INTEGER:123
EOL
VARIABLE
EQUALS
INTEGER:456
EOL
VARIABLE
EQUALS
INTEGER:789
EOF
