EOL
EOL
IDENTIFIER
LBRACKET
STRING:Zadejte\032cislo\032pro\032vypocet\032faktorialu:\032
RBRACKET
EOL
KW_LET
VARIABLE
EQUALS
IDENTIFIER
LBRACKET
RBRACKET
EOL
EOL
KW_FUNC
IDENTIFIER
LBRACKET
VARIABLE
VARIABLE
COLON
KW_INT
COMMA
VARIABLE
VARIABLE
COLON
KW_INT
RBRACKET
ARROW
KW_INT
LCURLYBRACKET
EOL
KW_RETURN
VARIABLE
MINUS
VARIABLE
EOL
RCURLYBRACKET
EOL
EOL
KW_FUNC
IDENTIFIER
LBRACKET
TOKEN_UNDERSCORE
VARIABLE
COLON
KW_INT
RBRACKET
ARROW
KW_INT
LCURLYBRACKET
EOL
KW_VAR
VARIABLE
COLON
KW_INT
QUESTIONMARK
EOL
KW_IF
LBRACKET
VARIABLE
LT
INTEGER:2
RBRACKET
LCURLYBRACKET
EOL
VARIABLE
EQUALS
INTEGER:1
EOL
RCURLYBRACKET
KW_ELSE
LCURLYBRACKET
EOL
KW_LET
VARIABLE
EQUALS
IDENTIFIER
LBRACKET
VARIABLE
COLON
VARIABLE
COMMA
VARIABLE
COLON
INTEGER:1
RBRACKET
EOL
KW_LET
VARIABLE
EQUALS
IDENTIFIER
LBRACKET
VARIABLE
RBRACKET
EOL
VARIABLE
EQUALS
VARIABLE
MULTIPLICATION
VARIABLE
EOL
RCURLYBRACKET
EOL
KW_RETURN
VARIABLE
EXCLAMATIONMARK
EOL
RCURLYBRACKET
EOL
EOL
KW_IF
KW_LET
VARIABLE
LCURLYBRACKET
EOL
KW_IF
LBRACKET
VARIABLE
LT
INTEGER:0
RBRACKET
LCURLYBRACKET
EOL
IDENTIFIER
LBRACKET
STRING:Faktorial\032nelze\032spocitat!
RBRACKET
EOL
RCURLYBRACKET
KW_ELSE
LCURLYBRACKET
EOL
KW_LET
VARIABLE
EQUALS
IDENTIFIER
LBRACKET
VARIABLE
RBRACKET
EOL
IDENTIFIER
LBRACKET
STRING:Vysledek\032je:\032
COMMA
VARIABLE
RBRACKET
EOL
RCURLYBRACKET
EOL
RCURLYBRACKET
KW_ELSE
LCURLYBRACKET
EOL
IDENTIFIER
LBRACKET
STRING:Chyba\032pri\032nacitani\032celeho\032cisla!
RBRACKET
EOL
RCURLYBRACKET
EOL
EOF
