EOL
EOL
IDENTIFIER
LBRACKET
STRING:Zadejte\032cislo\032pro\032vypocet\032faktorialu\010
RBRACKET
EOL
KW_LET
VARIABLE
COLON
KW_INT
QUESTIONMARK
EQUALS
IDENTIFIER
LBRACKET
RBRACKET
EOL
KW_IF
KW_LET
VARIABLE
LCURLYBRACKET
EOL
KW_IF
LBRACKET
VARIABLE
LT
INTEGER:0
RBRACKET
LCURLYBRACKET
IDENTIFIER
LBRACKET
STRING:Faktorial\032nelze\032spocitat\010
RBRACKET
EOL
RCURLYBRACKET
KW_ELSE
LCURLYBRACKET
EOL
KW_VAR
VARIABLE
EQUALS
IDENTIFIER
LBRACKET
VARIABLE
RBRACKET
EOL
KW_VAR
VARIABLE
COLON
KW_DOUBLE
EQUALS
INTEGER:1
EOL
KW_WHILE
LBRACKET
VARIABLE
GT
INTEGER:0
RBRACKET
LCURLYBRACKET
EOL
VARIABLE
EQUALS
VARIABLE
MULTIPLICATION
VARIABLE
EOL
VARIABLE
EQUALS
VARIABLE
MINUS
INTEGER:1
EOL
RCURLYBRACKET
EOL
IDENTIFIER
LBRACKET
STRING:Vysledek\032je:\032
COMMA
VARIABLE
COMMA
STRING:\010
RBRACKET
EOL
RCURLYBRACKET
EOL
RCURLYBRACKET
KW_ELSE
LCURLYBRACKET
EOL
IDENTIFIER
LBRACKET
STRING:Chyba\032pri\032nacitani\032celeho\032cisla!\010
RBRACKET
EOL
RCURLYBRACKET
EOL
EOF
