KW_FUNC
IDENTIFIER
LBRACKET
TOKEN_UNDERSCORE
VARIABLE
COLON
KW_INT
COMMA
TOKEN_UNDERSCORE
VARIABLE
COLON
KW_INT
RBRACKET
MINUS
GT
KW_INT
LCURLYBRACKET
EOL
KW_RETURN
EOL
RCURLYBRACKET
EOF
