IDENTIFIER
LBRACKET
STRING:Zadejte\032cislo\032pro\032vypocet\032faktorialu:\032
RBRACKET
EOL
KW_LET
VARIABLE
COLON
KW_INT
QUESTIONMARK
EQUALS
IDENTIFIER
LBRACKET
RBRACKET
EOF
