KEYWORD
IDENTIFIER
EQUALS
FLOAT:3.14
KEYWORD
IDENTIFIER
EQUALS
INTEGER:42
KEYWORD
IDENTIFIER
EQUALS
FLOAT:2.71828
EOF
