KEYWORD
IDENTIFIER
EQUALS
FLOAT
KEYWORD
IDENTIFIER
EQUALS
INTEGER
LEXICAL ERROR: Invalid decimal '2.718.'
EOF