EOL
EOL
KEYWORD
IDENTIFIER
EQUALS
FLOAT:3.14
EOL
EOL
EOL
EOF
