KW_LET
VARIABLE
EQUALS
FLOAT:0.000000000001230000000
EOL
VARIABLE
EQUALS
INTEGER:-2147483648
EOL
VARIABLE
EQUALS
INTEGER:111
EOF
