KW_LET
VARIABLE
EQUALS
FLOAT:0.000000000001230000000
EOF
