KW_LET
VARIABLE
EQUALS
FLOAT:0.000000000123000000000
EOF
