KW_LET
VARIABLE
EQUALS
STRING:Hello,\010\032\032\032\032\010\032\032\032\032How\032are\032you\032doing\032today?\010\032\032\032\032\010Best\032regards,\010\032\032\032\032John\010\032\032\032\032
EOF
