KW_LET
VARIABLE
EQUALS
STRING:Ahoj\010"Sve'te\032\092"
EOF
