EOL
EOL
KW_LET
VARIABLE
EQUALS
FLOAT:3.14
EOL
EOL
EOL
EOF
